exports[`test Header Component 1`] = `null`;

exports[`test Header renders 1`] = `null`;
